ARM Linker, 5.03 [Build 76] [MDK-ARM Professional]

==============================================================================

Section Cross References

    startup.o(RESET) refers to startup.o(STACK) for StackMem
    startup.o(RESET) refers to sound.o(i.SysTick_Handler) for SysTick_Handler
    startup.o(RESET) refers to timer0.o(i.Timer0A_Handler) for Timer0A_Handler
    startup.o(RESET) refers to timer1.o(i.Timer1A_Handler) for Timer1A_Handler
    startup.o(RESET) refers to timer2.o(i.Timer2A_Handler) for Timer2A_Handler
    startup.o(RESET) refers to entry.o(.ARM.Collect$$$$00000000) for __main
    st7735.o(i.Output_Clear) refers to st7735.o(i.ST7735_FillScreen) for ST7735_FillScreen
    st7735.o(i.Output_Color) refers to st7735.o(i.ST7735_SetTextColor) for ST7735_SetTextColor
    st7735.o(i.Output_Init) refers to st7735.o(i.ST7735_InitR) for ST7735_InitR
    st7735.o(i.Output_Init) refers to st7735.o(i.ST7735_FillScreen) for ST7735_FillScreen
    st7735.o(i.Output_Off) refers to st7735.o(i.Output_Clear) for Output_Clear
    st7735.o(i.Output_On) refers to st7735.o(i.Output_Init) for Output_Init
    st7735.o(i.ST7735_DrawBitmap) refers to st7735.o(i.setAddrWindow) for setAddrWindow
    st7735.o(i.ST7735_DrawBitmap) refers to lcd.o(.text) for writedata
    st7735.o(i.ST7735_DrawBitmap) refers to st7735.o(.data) for _width
    st7735.o(i.ST7735_DrawChar) refers to st7735.o(i.setAddrWindow) for setAddrWindow
    st7735.o(i.ST7735_DrawChar) refers to st7735.o(i.pushColor) for pushColor
    st7735.o(i.ST7735_DrawChar) refers to st7735.o(.data) for _width
    st7735.o(i.ST7735_DrawChar) refers to st7735.o(.constdata) for Font
    st7735.o(i.ST7735_DrawCharS) refers to st7735.o(i.ST7735_DrawPixel) for ST7735_DrawPixel
    st7735.o(i.ST7735_DrawCharS) refers to st7735.o(i.ST7735_FillRect) for ST7735_FillRect
    st7735.o(i.ST7735_DrawCharS) refers to st7735.o(.data) for _width
    st7735.o(i.ST7735_DrawCharS) refers to st7735.o(.constdata) for Font
    st7735.o(i.ST7735_DrawCircle) refers to st7735.o(i.setAddrWindow) for setAddrWindow
    st7735.o(i.ST7735_DrawCircle) refers to lcd.o(.text) for writedata
    st7735.o(i.ST7735_DrawCircle) refers to st7735.o(i.deselect) for deselect
    st7735.o(i.ST7735_DrawCircle) refers to st7735.o(.data) for _width
    st7735.o(i.ST7735_DrawCircle) refers to st7735.o(.constdata) for circle
    st7735.o(i.ST7735_DrawFastHLine) refers to st7735.o(i.setAddrWindow) for setAddrWindow
    st7735.o(i.ST7735_DrawFastHLine) refers to lcd.o(.text) for writedata
    st7735.o(i.ST7735_DrawFastHLine) refers to st7735.o(.data) for _width
    st7735.o(i.ST7735_DrawFastVLine) refers to st7735.o(i.setAddrWindow) for setAddrWindow
    st7735.o(i.ST7735_DrawFastVLine) refers to lcd.o(.text) for writedata
    st7735.o(i.ST7735_DrawFastVLine) refers to st7735.o(.data) for _width
    st7735.o(i.ST7735_DrawPixel) refers to st7735.o(i.setAddrWindow) for setAddrWindow
    st7735.o(i.ST7735_DrawPixel) refers to st7735.o(i.pushColor) for pushColor
    st7735.o(i.ST7735_DrawPixel) refers to st7735.o(.data) for _width
    st7735.o(i.ST7735_DrawSmallCircle) refers to st7735.o(i.setAddrWindow) for setAddrWindow
    st7735.o(i.ST7735_DrawSmallCircle) refers to lcd.o(.text) for writedata
    st7735.o(i.ST7735_DrawSmallCircle) refers to st7735.o(i.deselect) for deselect
    st7735.o(i.ST7735_DrawSmallCircle) refers to st7735.o(.data) for _width
    st7735.o(i.ST7735_DrawSmallCircle) refers to st7735.o(.constdata) for smallCircle
    st7735.o(i.ST7735_DrawString) refers to st7735.o(i.ST7735_DrawCharS) for ST7735_DrawCharS
    st7735.o(i.ST7735_FillRect) refers to st7735.o(i.setAddrWindow) for setAddrWindow
    st7735.o(i.ST7735_FillRect) refers to lcd.o(.text) for writedata
    st7735.o(i.ST7735_FillRect) refers to st7735.o(.data) for _width
    st7735.o(i.ST7735_FillScreen) refers to st7735.o(i.ST7735_FillRect) for ST7735_FillRect
    st7735.o(i.ST7735_FillScreen) refers to st7735.o(.data) for _height
    st7735.o(i.ST7735_InitB) refers to st7735.o(i.commonInit) for commonInit
    st7735.o(i.ST7735_InitB) refers to st7735.o(i.ST7735_SetCursor) for ST7735_SetCursor
    st7735.o(i.ST7735_InitB) refers to st7735.o(i.ST7735_FillScreen) for ST7735_FillScreen
    st7735.o(i.ST7735_InitB) refers to st7735.o(.constdata) for Bcmd
    st7735.o(i.ST7735_InitB) refers to st7735.o(.data) for StTextColor
    st7735.o(i.ST7735_InitR) refers to st7735.o(i.commonInit) for commonInit
    st7735.o(i.ST7735_InitR) refers to st7735.o(i.commandList) for commandList
    st7735.o(i.ST7735_InitR) refers to lcd.o(.text) for writecommand
    st7735.o(i.ST7735_InitR) refers to st7735.o(i.ST7735_SetCursor) for ST7735_SetCursor
    st7735.o(i.ST7735_InitR) refers to st7735.o(i.ST7735_FillScreen) for ST7735_FillScreen
    st7735.o(i.ST7735_InitR) refers to st7735.o(.constdata) for Rcmd1
    st7735.o(i.ST7735_InitR) refers to st7735.o(.data) for ColStart
    st7735.o(i.ST7735_InvertDisplay) refers to lcd.o(.text) for writecommand
    st7735.o(i.ST7735_OutChar) refers to st7735.o(i.ST7735_DrawString) for ST7735_DrawString
    st7735.o(i.ST7735_OutChar) refers to st7735.o(i.ST7735_DrawCharS) for ST7735_DrawCharS
    st7735.o(i.ST7735_OutChar) refers to st7735.o(.data) for StY
    st7735.o(i.ST7735_OutString) refers to st7735.o(i.ST7735_OutChar) for ST7735_OutChar
    st7735.o(i.ST7735_OutUDec) refers to st7735.o(i.fillmessage) for fillmessage
    st7735.o(i.ST7735_OutUDec) refers to st7735.o(i.ST7735_DrawString) for ST7735_DrawString
    st7735.o(i.ST7735_OutUDec) refers to st7735.o(i.ST7735_DrawCharS) for ST7735_DrawCharS
    st7735.o(i.ST7735_OutUDec) refers to st7735.o(.data) for Messageindex
    st7735.o(i.ST7735_OutUDec) refers to st7735.o(.bss) for Message
    st7735.o(i.ST7735_PlotBar) refers to st7735.o(i.ST7735_DrawFastVLine) for ST7735_DrawFastVLine
    st7735.o(i.ST7735_PlotBar) refers to st7735.o(.data) for Ymin
    st7735.o(i.ST7735_PlotClear) refers to st7735.o(i.ST7735_Color565) for ST7735_Color565
    st7735.o(i.ST7735_PlotClear) refers to st7735.o(i.ST7735_FillRect) for ST7735_FillRect
    st7735.o(i.ST7735_PlotClear) refers to st7735.o(.data) for Ymax
    st7735.o(i.ST7735_PlotLine) refers to st7735.o(i.ST7735_DrawPixel) for ST7735_DrawPixel
    st7735.o(i.ST7735_PlotLine) refers to st7735.o(.data) for Ymin
    st7735.o(i.ST7735_PlotNext) refers to st7735.o(.data) for X
    st7735.o(i.ST7735_PlotNextErase) refers to st7735.o(i.ST7735_Color565) for ST7735_Color565
    st7735.o(i.ST7735_PlotNextErase) refers to st7735.o(i.ST7735_DrawFastVLine) for ST7735_DrawFastVLine
    st7735.o(i.ST7735_PlotNextErase) refers to st7735.o(.data) for X
    st7735.o(i.ST7735_PlotPoint) refers to st7735.o(i.ST7735_DrawPixel) for ST7735_DrawPixel
    st7735.o(i.ST7735_PlotPoint) refers to st7735.o(.data) for Ymin
    st7735.o(i.ST7735_PlotPoints) refers to st7735.o(i.ST7735_DrawPixel) for ST7735_DrawPixel
    st7735.o(i.ST7735_PlotPoints) refers to st7735.o(.data) for Ymin
    st7735.o(i.ST7735_PlotdBfs) refers to st7735.o(i.ST7735_DrawFastVLine) for ST7735_DrawFastVLine
    st7735.o(i.ST7735_PlotdBfs) refers to st7735.o(.constdata) for dBfs
    st7735.o(i.ST7735_PlotdBfs) refers to st7735.o(.data) for X
    st7735.o(i.ST7735_SetCursor) refers to st7735.o(.data) for StX
    st7735.o(i.ST7735_SetRotation) refers to lcd.o(.text) for writecommand
    st7735.o(i.ST7735_SetRotation) refers to st7735.o(.data) for Rotation
    st7735.o(i.ST7735_SetTextColor) refers to st7735.o(.data) for StTextColor
    st7735.o(i.commandList) refers to lcd.o(.text) for writecommand
    st7735.o(i.commandList) refers to st7735.o(i.Delay1ms) for Delay1ms
    st7735.o(i.commonInit) refers to st7735.o(i.Delay1ms) for Delay1ms
    st7735.o(i.commonInit) refers to st7735.o(i.commandList) for commandList
    st7735.o(i.commonInit) refers to st7735.o(.data) for RowStart
    st7735.o(i.fillmessage) refers to st7735.o(.bss) for Message
    st7735.o(i.fillmessage) refers to st7735.o(.data) for Messageindex
    st7735.o(i.fputc) refers to st7735.o(i.ST7735_OutChar) for ST7735_OutChar
    st7735.o(i.pushColor) refers to lcd.o(.text) for writedata
    st7735.o(i.setAddrWindow) refers to lcd.o(.text) for writecommand
    st7735.o(i.setAddrWindow) refers to st7735.o(.data) for ColStart
    print.o(.text) refers to st7735.o(i.ST7735_OutChar) for ST7735_OutChar
    io.o(i.IO_Init) refers to io.o(.data) for delay
    pong.o(i.main) refers to pll.o(i.PLL_Init) for PLL_Init
    pong.o(i.main) refers to io.o(i.IO_Init) for IO_Init
    pong.o(i.main) refers to io.o(i.Buttons_Init) for Buttons_Init
    pong.o(i.main) refers to sound.o(i.Sound_Init) for Sound_Init
    pong.o(i.main) refers to dac.o(i.DAC_Init) for DAC_Init
    pong.o(i.main) refers to adc.o(i.ADC_Init) for ADC_Init
    pong.o(i.main) refers to sound.o(i.Sound_Play) for Sound_Play
    pong.o(i.main) refers to startup.o(.text) for EnableInterrupts
    pong.o(i.main) refers to st7735.o(i.ST7735_InitR) for ST7735_InitR
    pong.o(i.main) refers to st7735.o(i.ST7735_SetCursor) for ST7735_SetCursor
    pong.o(i.main) refers to st7735.o(i.ST7735_OutString) for ST7735_OutString
    pong.o(i.main) refers to io.o(i.IO_Touch) for IO_Touch
    pong.o(i.main) refers to st7735.o(i.ST7735_FillScreen) for ST7735_FillScreen
    pong.o(i.main) refers to timer2.o(i.Timer2_Init) for Timer2_Init
    pong.o(i.main) refers to timer2.o(i.Timer2A_Start) for Timer2A_Start
    pong.o(i.main) refers to timer2.o(i.Timer2A_Stop) for Timer2A_Stop
    pong.o(i.main) refers to timer1.o(i.Timer1_Init) for Timer1_Init
    pong.o(i.main) refers to timer1.o(i.Timer1A_Start) for Timer1A_Start
    pong.o(i.main) refers to timer0.o(i.Timer0_Init) for Timer0_Init
    pong.o(i.main) refers to timer0.o(i.Timer0A_Start) for Timer0A_Start
    pong.o(i.main) refers to gui.o(i.startGame) for startGame
    pong.o(i.main) refers to pong.o(.data) for globalCount
    pong.o(i.main) refers to gui.o(.data) for stopped
    sound.o(i.Sound_Init) refers to dac.o(i.DAC_Init) for DAC_Init
    sound.o(i.SysTick_Handler) refers to dac.o(i.DAC_Out) for DAC_Out
    sound.o(i.SysTick_Handler) refers to sound.o(.data) for i
    sound.o(i.SysTick_Handler) refers to sound.o(.constdata) for wave
    timer0.o(i.Timer0A_Handler) refers to adc.o(i.ADC_In) for ADC_In
    timer0.o(i.Timer0A_Handler) refers to timer0.o(.data) for Timer0Count
    timer0.o(i.Timer0A_Handler) refers to pong.o(.data) for ADCMail
    timer0.o(i.Timer0_Init) refers to timer0.o(.data) for Timer0Count
    timer1.o(i.Timer1A_Handler) refers to gui.o(i.UpdateBall) for UpdateBall
    timer1.o(i.Timer1A_Handler) refers to gui.o(i.UpdatePlayer1) for UpdatePlayer1
    timer1.o(i.Timer1A_Handler) refers to gui.o(i.UpdatePlayer2) for UpdatePlayer2
    timer1.o(i.Timer1A_Handler) refers to timer1.o(.data) for Timer1Count
    timer1.o(i.Timer1_Init) refers to timer1.o(.data) for Timer1Count
    gui.o(i.DrawBall) refers to st7735.o(i.ST7735_DrawCircle) for ST7735_DrawCircle
    gui.o(i.DrawBall) refers to gui.o(.data) for ball
    gui.o(i.DrawPlayer1) refers to dfltui.o(.text) for __aeabi_ui2d
    gui.o(i.DrawPlayer1) refers to dmul.o(.text) for __aeabi_dmul
    gui.o(i.DrawPlayer1) refers to dfixui.o(.text) for __aeabi_d2uiz
    gui.o(i.DrawPlayer1) refers to st7735.o(i.ST7735_FillRect) for ST7735_FillRect
    gui.o(i.DrawPlayer1) refers to gui.o(.data) for p1
    gui.o(i.DrawPlayer2) refers to dfltui.o(.text) for __aeabi_ui2d
    gui.o(i.DrawPlayer2) refers to dmul.o(.text) for __aeabi_dmul
    gui.o(i.DrawPlayer2) refers to dfixui.o(.text) for __aeabi_d2uiz
    gui.o(i.DrawPlayer2) refers to st7735.o(i.ST7735_FillRect) for ST7735_FillRect
    gui.o(i.DrawPlayer2) refers to gui.o(.data) for p2
    gui.o(i.DrawPlayers) refers to gui.o(i.DrawPlayer1) for DrawPlayer1
    gui.o(i.DrawPlayers) refers to gui.o(i.DrawPlayer2) for DrawPlayer2
    gui.o(i.UpdateBall) refers to gui.o(i.stopGame) for stopGame
    gui.o(i.UpdateBall) refers to gui.o(i.ballCollisionCheck) for ballCollisionCheck
    gui.o(i.UpdateBall) refers to gui.o(i.playSound) for playSound
    gui.o(i.UpdateBall) refers to gui.o(i.ballWallCheck) for ballWallCheck
    gui.o(i.UpdateBall) refers to gui.o(i.DrawBall) for DrawBall
    gui.o(i.UpdateBall) refers to gui.o(.data) for stopped
    gui.o(i.UpdatePlayer1) refers to converters.o(i.Convert) for Convert
    gui.o(i.UpdatePlayer1) refers to gui.o(i.DrawPlayer1) for DrawPlayer1
    gui.o(i.UpdatePlayer1) refers to pong.o(.data) for ADCMail
    gui.o(i.UpdatePlayer1) refers to gui.o(.data) for oldPos1
    gui.o(i.UpdatePlayer2) refers to io.o(i.Buttons_In) for Buttons_In
    gui.o(i.UpdatePlayer2) refers to gui.o(i.DrawPlayer2) for DrawPlayer2
    gui.o(i.UpdatePlayer2) refers to gui.o(.data) for pos2
    gui.o(i.ballCollisionCheck) refers to gui.o(.data) for ball
    gui.o(i.ballWallCheck) refers to gui.o(.data) for ball
    gui.o(i.displayScore) refers to st7735.o(i.ST7735_SetCursor) for ST7735_SetCursor
    gui.o(i.displayScore) refers to st7735.o(i.ST7735_OutString) for ST7735_OutString
    gui.o(i.displayScore) refers to st7735.o(i.ST7735_OutChar) for ST7735_OutChar
    gui.o(i.displayScore) refers to st7735.o(i.ST7735_FillRect) for ST7735_FillRect
    gui.o(i.displayScore) refers to io.o(i.IO_Touch) for IO_Touch
    gui.o(i.displayScore) refers to gui.o(.data) for p1
    gui.o(i.playSound) refers to timer2.o(i.Timer2A_Stop) for Timer2A_Stop
    gui.o(i.playSound) refers to timer2.o(i.Timer2_Init) for Timer2_Init
    gui.o(i.playSound) refers to timer2.o(i.Timer2A_Start) for Timer2A_Start
    gui.o(i.playSound) refers to sound.o(i.Sound_Play) for Sound_Play
    gui.o(i.playSound) refers to gui.o(.data) for a
    gui.o(i.startGame) refers to st7735.o(i.ST7735_FillScreen) for ST7735_FillScreen
    gui.o(i.startGame) refers to converters.o(i.Random5) for Random5
    gui.o(i.startGame) refers to gui.o(i.DrawPlayers) for DrawPlayers
    gui.o(i.startGame) refers to gui.o(i.DrawBall) for DrawBall
    gui.o(i.startGame) refers to gui.o(.data) for ball
    gui.o(i.stopGame) refers to gui.o(i.DrawPlayers) for DrawPlayers
    gui.o(i.stopGame) refers to gui.o(i.displayScore) for displayScore
    gui.o(i.stopGame) refers to gui.o(i.startGame) for startGame
    gui.o(i.stopGame) refers to gui.o(.data) for speedY
    timer2.o(i.Timer2A_Handler) refers to io.o(i.IO_HeartBeat) for IO_HeartBeat
    timer2.o(i.Timer2A_Handler) refers to sound.o(i.Sound_Play) for Sound_Play
    timer2.o(i.Timer2_Init) refers to timer2.o(.data) for Timer2Count
    converters.o(i.Convert2Dist) refers to dfltui.o(.text) for __aeabi_ui2d
    converters.o(i.Convert2Dist) refers to ddiv.o(.text) for __aeabi_ddiv
    converters.o(i.Convert2Dist) refers to dfixui.o(.text) for __aeabi_d2uiz
    converters.o(i.Convert2Dist) refers to dadd.o(.text) for __aeabi_dsub
    converters.o(i.Random5) refers to random.o(.text) for Random32
    random.o(.text) refers to random.o(DATA) for M
    entry.o(.ARM.Collect$$$$00000000) refers (Special) to entry10a.o(.ARM.Collect$$$$0000000D) for __rt_final_cpp
    entry.o(.ARM.Collect$$$$00000000) refers (Special) to entry11a.o(.ARM.Collect$$$$0000000F) for __rt_final_exit
    entry.o(.ARM.Collect$$$$00000000) refers (Special) to entry7b.o(.ARM.Collect$$$$00000008) for _main_clock
    entry.o(.ARM.Collect$$$$00000000) refers (Special) to entry8b.o(.ARM.Collect$$$$0000000A) for _main_cpp_init
    entry.o(.ARM.Collect$$$$00000000) refers (Special) to entry9a.o(.ARM.Collect$$$$0000000B) for _main_init
    entry.o(.ARM.Collect$$$$00000000) refers (Special) to entry5.o(.ARM.Collect$$$$00000004) for _main_scatterload
    entry.o(.ARM.Collect$$$$00000000) refers (Special) to entry2.o(.ARM.Collect$$$$00000001) for _main_stk
    dadd.o(.text) refers (Special) to iusefp.o(.text) for __I$use$fp
    dadd.o(.text) refers to llshl.o(.text) for __aeabi_llsl
    dadd.o(.text) refers to llsshr.o(.text) for __aeabi_lasr
    dadd.o(.text) refers to depilogue.o(.text) for _double_epilogue
    dmul.o(.text) refers (Special) to iusefp.o(.text) for __I$use$fp
    dmul.o(.text) refers to depilogue.o(.text) for _double_epilogue
    ddiv.o(.text) refers (Special) to iusefp.o(.text) for __I$use$fp
    ddiv.o(.text) refers to depilogue.o(.text) for _double_round
    dfltui.o(.text) refers (Special) to iusefp.o(.text) for __I$use$fp
    dfltui.o(.text) refers to depilogue.o(.text) for _double_epilogue
    dfixui.o(.text) refers (Special) to iusefp.o(.text) for __I$use$fp
    dfixui.o(.text) refers to llushr.o(.text) for __aeabi_llsr
    entry2.o(.ARM.Collect$$$$00000001) refers to entry2.o(.ARM.Collect$$$$00002712) for __lit__00000000
    entry2.o(.ARM.Collect$$$$00002712) refers to startup.o(STACK) for __initial_sp
    entry2.o(__vectab_stack_and_reset_area) refers to startup.o(STACK) for __initial_sp
    entry2.o(__vectab_stack_and_reset_area) refers to entry.o(.ARM.Collect$$$$00000000) for __main
    entry5.o(.ARM.Collect$$$$00000004) refers to init.o(.text) for __scatterload
    entry9a.o(.ARM.Collect$$$$0000000B) refers to pong.o(i.main) for main
    entry9b.o(.ARM.Collect$$$$0000000C) refers to pong.o(i.main) for main
    depilogue.o(.text) refers to llshl.o(.text) for __aeabi_llsl
    depilogue.o(.text) refers to llushr.o(.text) for __aeabi_llsr
    init.o(.text) refers to entry5.o(.ARM.Collect$$$$00000004) for __main_after_scatterload


==============================================================================

Removing Unused input sections from the image.

    Removing startup.o(HEAP), (0 bytes).
    Removing st7735.o(i.Output_Clear), (10 bytes).
    Removing st7735.o(i.Output_Color), (12 bytes).
    Removing st7735.o(i.Output_Init), (16 bytes).
    Removing st7735.o(i.Output_Off), (8 bytes).
    Removing st7735.o(i.Output_On), (8 bytes).
    Removing st7735.o(i.ST7735_Color565), (24 bytes).
    Removing st7735.o(i.ST7735_DrawBitmap), (288 bytes).
    Removing st7735.o(i.ST7735_DrawChar), (268 bytes).
    Removing st7735.o(i.ST7735_DrawFastHLine), (124 bytes).
    Removing st7735.o(i.ST7735_DrawFastVLine), (124 bytes).
    Removing st7735.o(i.ST7735_DrawSmallCircle), (172 bytes).
    Removing st7735.o(i.ST7735_InitB), (40 bytes).
    Removing st7735.o(i.ST7735_InvertDisplay), (22 bytes).
    Removing st7735.o(i.ST7735_OutUDec), (140 bytes).
    Removing st7735.o(i.ST7735_PlotBar), (88 bytes).
    Removing st7735.o(i.ST7735_PlotClear), (92 bytes).
    Removing st7735.o(i.ST7735_PlotLine), (264 bytes).
    Removing st7735.o(i.ST7735_PlotNext), (32 bytes).
    Removing st7735.o(i.ST7735_PlotNextErase), (64 bytes).
    Removing st7735.o(i.ST7735_PlotPoint), (152 bytes).
    Removing st7735.o(i.ST7735_PlotPoints), (172 bytes).
    Removing st7735.o(i.ST7735_PlotdBfs), (60 bytes).
    Removing st7735.o(i.ST7735_SetRotation), (212 bytes).
    Removing st7735.o(i.ST7735_SetTextColor), (12 bytes).
    Removing st7735.o(i.ST7735_SwapColor), (18 bytes).
    Removing st7735.o(i.ferror), (8 bytes).
    Removing st7735.o(i.fgetc), (6 bytes).
    Removing st7735.o(i.fillmessage), (72 bytes).
    Removing st7735.o(i.fputc), (16 bytes).
    Removing st7735.o(.bss), (12 bytes).
    Removing print.o(.text), (280 bytes).
    Removing pong.o(.constdata), (13120 bytes).
    Removing timer0.o(i.Timer0A_Stop), (20 bytes).
    Removing timer1.o(i.Timer1A_Stop), (20 bytes).
    Removing converters.o(i.Convert2Dist), (76 bytes).
    Removing dadd.o(.text), (334 bytes).
    Removing ddiv.o(.text), (222 bytes).

38 unused section(s) (total 16608 bytes) removed from the image.

==============================================================================

Image Symbol Table

    Local Symbols

    Symbol Name                              Value     Ov Type        Size  Object(Section)

    RESET                                    0x00000000   Section      644  startup.o(RESET)
    ../clib/microlib/init/entry.s            0x00000000   Number         0  entry9a.o ABSOLUTE
    ../clib/microlib/init/entry.s            0x00000000   Number         0  entry5.o ABSOLUTE
    ../clib/microlib/init/entry.s            0x00000000   Number         0  entry8b.o ABSOLUTE
    ../clib/microlib/init/entry.s            0x00000000   Number         0  entry8a.o ABSOLUTE
    ../clib/microlib/init/entry.s            0x00000000   Number         0  entry7b.o ABSOLUTE
    ../clib/microlib/init/entry.s            0x00000000   Number         0  entry7a.o ABSOLUTE
    ../clib/microlib/init/entry.s            0x00000000   Number         0  entry.o ABSOLUTE
    ../clib/microlib/init/entry.s            0x00000000   Number         0  entry2.o ABSOLUTE
    ../clib/microlib/init/entry.s            0x00000000   Number         0  entry11b.o ABSOLUTE
    ../clib/microlib/init/entry.s            0x00000000   Number         0  entry11a.o ABSOLUTE
    ../clib/microlib/init/entry.s            0x00000000   Number         0  entry10b.o ABSOLUTE
    ../clib/microlib/init/entry.s            0x00000000   Number         0  entry10a.o ABSOLUTE
    ../clib/microlib/init/entry.s            0x00000000   Number         0  entry9b.o ABSOLUTE
    ../clib/microlib/longlong.c              0x00000000   Number         0  llsshr.o ABSOLUTE
    ../clib/microlib/longlong.c              0x00000000   Number         0  llushr.o ABSOLUTE
    ../clib/microlib/longlong.c              0x00000000   Number         0  llshl.o ABSOLUTE
    ../clib/microlib/stubs.s                 0x00000000   Number         0  iusefp.o ABSOLUTE
    ../fplib/microlib/fpadd.c                0x00000000   Number         0  dadd.o ABSOLUTE
    ../fplib/microlib/fpdiv.c                0x00000000   Number         0  ddiv.o ABSOLUTE
    ../fplib/microlib/fpepilogue.c           0x00000000   Number         0  depilogue.o ABSOLUTE
    ../fplib/microlib/fpfix.c                0x00000000   Number         0  dfixui.o ABSOLUTE
    ../fplib/microlib/fpflt.c                0x00000000   Number         0  dfltui.o ABSOLUTE
    ../fplib/microlib/fpmul.c                0x00000000   Number         0  dmul.o ABSOLUTE
    ADC.c                                    0x00000000   Number         0  adc.o ABSOLUTE
    Converters.c                             0x00000000   Number         0  converters.o ABSOLUTE
    GUI.c                                    0x00000000   Number         0  gui.o ABSOLUTE
    IO.c                                     0x00000000   Number         0  io.o ABSOLUTE
    LCD.s                                    0x00000000   Number         0  lcd.o ABSOLUTE
    PLL.c                                    0x00000000   Number         0  pll.o ABSOLUTE
    Pong.c                                   0x00000000   Number         0  pong.o ABSOLUTE
    Print.s                                  0x00000000   Number         0  print.o ABSOLUTE
    ST7735.c                                 0x00000000   Number         0  st7735.o ABSOLUTE
    Sound.c                                  0x00000000   Number         0  sound.o ABSOLUTE
    Timer0.c                                 0x00000000   Number         0  timer0.o ABSOLUTE
    Timer1.c                                 0x00000000   Number         0  timer1.o ABSOLUTE
    Timer2.c                                 0x00000000   Number         0  timer2.o ABSOLUTE
    dac.c                                    0x00000000   Number         0  dac.o ABSOLUTE
    dc.s                                     0x00000000   Number         0  dc.o ABSOLUTE
    handlers.s                               0x00000000   Number         0  handlers.o ABSOLUTE
    init.s                                   0x00000000   Number         0  init.o ABSOLUTE
    random.s                                 0x00000000   Number         0  random.o ABSOLUTE
    startup.s                                0x00000000   Number         0  startup.o ABSOLUTE
    .ARM.Collect$$$$00000000                 0x00000284   Section        0  entry.o(.ARM.Collect$$$$00000000)
    .ARM.Collect$$$$00000001                 0x00000284   Section        4  entry2.o(.ARM.Collect$$$$00000001)
    .ARM.Collect$$$$00000004                 0x00000288   Section        4  entry5.o(.ARM.Collect$$$$00000004)
    .ARM.Collect$$$$00000008                 0x0000028c   Section        0  entry7b.o(.ARM.Collect$$$$00000008)
    .ARM.Collect$$$$0000000A                 0x0000028c   Section        0  entry8b.o(.ARM.Collect$$$$0000000A)
    .ARM.Collect$$$$0000000B                 0x0000028c   Section        8  entry9a.o(.ARM.Collect$$$$0000000B)
    .ARM.Collect$$$$0000000D                 0x00000294   Section        0  entry10a.o(.ARM.Collect$$$$0000000D)
    .ARM.Collect$$$$0000000F                 0x00000294   Section        0  entry11a.o(.ARM.Collect$$$$0000000F)
    .ARM.Collect$$$$00002712                 0x00000294   Section        4  entry2.o(.ARM.Collect$$$$00002712)
    __lit__00000000                          0x00000294   Data           4  entry2.o(.ARM.Collect$$$$00002712)
    .text                                    0x00000298   Section       28  startup.o(.text)
    .text                                    0x000002b4   Section       76  lcd.o(.text)
    .text                                    0x00000300   Section       64  random.o(.text)
    .text                                    0x00000340   Section        0  dmul.o(.text)
    .text                                    0x00000424   Section        0  dfltui.o(.text)
    .text                                    0x0000043e   Section        0  dfixui.o(.text)
    .text                                    0x00000470   Section        0  llshl.o(.text)
    .text                                    0x0000048e   Section        0  llushr.o(.text)
    .text                                    0x000004ae   Section        0  depilogue.o(.text)
    .text                                    0x000004ae   Section        0  iusefp.o(.text)
    .text                                    0x0000056c   Section       36  init.o(.text)
    i.ADC_In                                 0x00000590   Section        0  adc.o(i.ADC_In)
    i.ADC_Init                               0x000005c0   Section        0  adc.o(i.ADC_Init)
    i.Buttons_In                             0x000006a4   Section        0  io.o(i.Buttons_In)
    i.Buttons_Init                           0x000006b4   Section        0  io.o(i.Buttons_Init)
    i.Convert                                0x00000700   Section        0  converters.o(i.Convert)
    i.DAC_Init                               0x00000714   Section        0  dac.o(i.DAC_Init)
    i.DAC_Out                                0x00000758   Section        0  dac.o(i.DAC_Out)
    i.Delay1ms                               0x0000076c   Section        0  st7735.o(i.Delay1ms)
    i.DrawBall                               0x0000078c   Section        0  gui.o(i.DrawBall)
    i.DrawPlayer1                            0x000007ac   Section        0  gui.o(i.DrawPlayer1)
    i.DrawPlayer2                            0x00000820   Section        0  gui.o(i.DrawPlayer2)
    i.DrawPlayers                            0x00000894   Section        0  gui.o(i.DrawPlayers)
    i.IO_HeartBeat                           0x000008b0   Section        0  io.o(i.IO_HeartBeat)
    i.IO_Init                                0x000008c8   Section        0  io.o(i.IO_Init)
    i.IO_Touch                               0x00000930   Section        0  io.o(i.IO_Touch)
    i.PLL_Init                               0x00000970   Section        0  pll.o(i.PLL_Init)
    i.Random5                                0x000009ec   Section        0  converters.o(i.Random5)
    i.ST7735_DrawCharS                       0x00000a04   Section        0  st7735.o(i.ST7735_DrawCharS)
    i.ST7735_DrawCircle                      0x00000af8   Section        0  st7735.o(i.ST7735_DrawCircle)
    i.ST7735_DrawPixel                       0x00000ba4   Section        0  st7735.o(i.ST7735_DrawPixel)
    i.ST7735_DrawString                      0x00000bec   Section        0  st7735.o(i.ST7735_DrawString)
    i.ST7735_FillRect                        0x00000c44   Section        0  st7735.o(i.ST7735_FillRect)
    i.ST7735_FillScreen                      0x00000cf0   Section        0  st7735.o(i.ST7735_FillScreen)
    i.ST7735_InitR                           0x00000d14   Section        0  st7735.o(i.ST7735_InitR)
    i.ST7735_OutChar                         0x00000d90   Section        0  st7735.o(i.ST7735_OutChar)
    i.ST7735_OutString                       0x00000e64   Section        0  st7735.o(i.ST7735_OutString)
    i.ST7735_SetCursor                       0x00000e7c   Section        0  st7735.o(i.ST7735_SetCursor)
    i.Sound_Init                             0x00000e9c   Section        0  sound.o(i.Sound_Init)
    i.Sound_Play                             0x00000ed4   Section        0  sound.o(i.Sound_Play)
    i.SysTick_Handler                        0x00000eec   Section        0  sound.o(i.SysTick_Handler)
    i.Timer0A_Handler                        0x00000f3c   Section        0  timer0.o(i.Timer0A_Handler)
    i.Timer0A_Start                          0x00000f90   Section        0  timer0.o(i.Timer0A_Start)
    i.Timer0_Init                            0x00000fa4   Section        0  timer0.o(i.Timer0_Init)
    i.Timer1A_Handler                        0x0000100c   Section        0  timer1.o(i.Timer1A_Handler)
    i.Timer1A_Start                          0x0000106c   Section        0  timer1.o(i.Timer1A_Start)
    i.Timer1_Init                            0x00001080   Section        0  timer1.o(i.Timer1_Init)
    i.Timer2A_Handler                        0x000010ec   Section        0  timer2.o(i.Timer2A_Handler)
    i.Timer2A_Start                          0x00001110   Section        0  timer2.o(i.Timer2A_Start)
    i.Timer2A_Stop                           0x00001124   Section        0  timer2.o(i.Timer2A_Stop)
    i.Timer2_Init                            0x00001138   Section        0  timer2.o(i.Timer2_Init)
    i.UpdateBall                             0x000011a4   Section        0  gui.o(i.UpdateBall)
    i.UpdatePlayer1                          0x00001298   Section        0  gui.o(i.UpdatePlayer1)
    i.UpdatePlayer2                          0x000012d0   Section        0  gui.o(i.UpdatePlayer2)
    i.__scatterload_copy                     0x00001348   Section       14  handlers.o(i.__scatterload_copy)
    i.__scatterload_null                     0x00001356   Section        2  handlers.o(i.__scatterload_null)
    i.__scatterload_zeroinit                 0x00001358   Section       14  handlers.o(i.__scatterload_zeroinit)
    i.ballCollisionCheck                     0x00001368   Section        0  gui.o(i.ballCollisionCheck)
    i.ballWallCheck                          0x000013dc   Section        0  gui.o(i.ballWallCheck)
    i.commandList                            0x00001488   Section        0  st7735.o(i.commandList)
    commandList                              0x00001489   Thumb Code    86  st7735.o(i.commandList)
    i.commonInit                             0x000014e0   Section        0  st7735.o(i.commonInit)
    commonInit                               0x000014e1   Thumb Code   340  st7735.o(i.commonInit)
    i.deselect                               0x00001664   Section        0  st7735.o(i.deselect)
    deselect                                 0x00001665   Thumb Code    24  st7735.o(i.deselect)
    i.displayScore                           0x00001680   Section        0  gui.o(i.displayScore)
    i.main                                   0x00001730   Section        0  pong.o(i.main)
    i.playSound                              0x00001850   Section        0  gui.o(i.playSound)
    i.pushColor                              0x000018a0   Section        0  st7735.o(i.pushColor)
    pushColor                                0x000018a1   Thumb Code    18  st7735.o(i.pushColor)
    i.setAddrWindow                          0x000018b4   Section        0  st7735.o(i.setAddrWindow)
    setAddrWindow                            0x000018b5   Thumb Code   106  st7735.o(i.setAddrWindow)
    i.startGame                              0x00001928   Section        0  gui.o(i.startGame)
    i.stopGame                               0x000019a0   Section        0  gui.o(i.stopGame)
    .constdata                               0x000019f0   Section     2114  st7735.o(.constdata)
    Font                                     0x000019f0   Data        1275  st7735.o(.constdata)
    Bcmd                                     0x00001eeb   Data         103  st7735.o(.constdata)
    Rcmd1                                    0x00001f52   Data          59  st7735.o(.constdata)
    Rcmd2green                               0x00001f8d   Data          13  st7735.o(.constdata)
    Rcmd2red                                 0x00001f9a   Data          13  st7735.o(.constdata)
    Rcmd3                                    0x00001fa7   Data          43  st7735.o(.constdata)
    .constdata                               0x00002232   Section    18894  sound.o(.constdata)
    .data                                    0x20000000   Section       44  st7735.o(.data)
    _width                                   0x2000000a   Data           2  st7735.o(.data)
    _height                                  0x2000000c   Data           2  st7735.o(.data)
    ColStart                                 0x20000014   Data           1  st7735.o(.data)
    RowStart                                 0x20000015   Data           1  st7735.o(.data)
    Rotation                                 0x20000016   Data           1  st7735.o(.data)
    TabColor                                 0x20000017   Data           1  st7735.o(.data)
    .data                                    0x2000002c   Section        4  io.o(.data)
    .data                                    0x20000030   Section       12  pong.o(.data)
    .data                                    0x2000003c   Section       16  sound.o(.data)
    i                                        0x2000003c   Data           4  sound.o(.data)
    .data                                    0x2000004c   Section        8  timer0.o(.data)
    .data                                    0x20000054   Section       12  timer1.o(.data)
    .data                                    0x20000060   Section       60  gui.o(.data)
    .data                                    0x2000009c   Section        4  timer2.o(.data)
    DATA                                     0x200000a0   Section        4  random.o(DATA)
    M                                        0x200000a0   Data           4  random.o(DATA)
    STACK                                    0x200000a8   Section     1024  startup.o(STACK)
    StackMem                                 0x200000a8   Data           0  startup.o(STACK)

    Global Symbols

    Symbol Name                              Value     Ov Type        Size  Object(Section)

    BuildAttributes$$THM_ISAv4$E$P$D$K$B$S$7EM$PE$A:L22UL41UL21$X:L11$S22US41US21$IEEE1$IW$USESV6$~STKCKD$USESV7$~SHL$OSPACE$ROPI$EBA8$MICROLIB$REQ8$PRES8$EABIv2 0x00000000   Number         0  anon$$obj.o ABSOLUTE
    __ARM_use_no_argv                        0x00000000   Number         0  pong.o ABSOLUTE
    __Vectors                                0x00000000   Data           0  startup.o(RESET)
    __cpp_initialize__aeabi_                  - Undefined Weak Reference
    __cxa_finalize                            - Undefined Weak Reference
    __decompress                              - Undefined Weak Reference
    _clock_init                               - Undefined Weak Reference
    _microlib_exit                            - Undefined Weak Reference
    Reset_Handler                            0x0000026d   Thumb Code     0  startup.o(RESET)
    NMI_Handler                              0x00000271   Thumb Code     2  startup.o(RESET)
    HardFault_Handler                        0x00000273   Thumb Code     2  startup.o(RESET)
    MemManage_Handler                        0x00000275   Thumb Code     2  startup.o(RESET)
    BusFault_Handler                         0x00000277   Thumb Code     2  startup.o(RESET)
    UsageFault_Handler                       0x00000279   Thumb Code     2  startup.o(RESET)
    SVC_Handler                              0x0000027b   Thumb Code     2  startup.o(RESET)
    DebugMon_Handler                         0x0000027d   Thumb Code     2  startup.o(RESET)
    PendSV_Handler                           0x0000027f   Thumb Code     2  startup.o(RESET)
    ADC0Seq0_Handler                         0x00000283   Thumb Code     0  startup.o(RESET)
    ADC0Seq1_Handler                         0x00000283   Thumb Code     0  startup.o(RESET)
    ADC0Seq2_Handler                         0x00000283   Thumb Code     0  startup.o(RESET)
    ADC0Seq3_Handler                         0x00000283   Thumb Code     0  startup.o(RESET)
    ADC1Seq0_Handler                         0x00000283   Thumb Code     0  startup.o(RESET)
    ADC1Seq1_Handler                         0x00000283   Thumb Code     0  startup.o(RESET)
    ADC1Seq2_Handler                         0x00000283   Thumb Code     0  startup.o(RESET)
    ADC1Seq3_Handler                         0x00000283   Thumb Code     0  startup.o(RESET)
    CAN0_Handler                             0x00000283   Thumb Code     0  startup.o(RESET)
    CAN1_Handler                             0x00000283   Thumb Code     0  startup.o(RESET)
    CAN2_Handler                             0x00000283   Thumb Code     0  startup.o(RESET)
    Comp0_Handler                            0x00000283   Thumb Code     0  startup.o(RESET)
    Comp1_Handler                            0x00000283   Thumb Code     0  startup.o(RESET)
    Comp2_Handler                            0x00000283   Thumb Code     0  startup.o(RESET)
    Ethernet_Handler                         0x00000283   Thumb Code     0  startup.o(RESET)
    ExtBus_Handler                           0x00000283   Thumb Code     0  startup.o(RESET)
    FPU_Handler                              0x00000283   Thumb Code     0  startup.o(RESET)
    Fan0_Handler                             0x00000283   Thumb Code     0  startup.o(RESET)
    FlashCtl_Handler                         0x00000283   Thumb Code     0  startup.o(RESET)
    GPIOPortA_Handler                        0x00000283   Thumb Code     0  startup.o(RESET)
    GPIOPortB_Handler                        0x00000283   Thumb Code     0  startup.o(RESET)
    GPIOPortC_Handler                        0x00000283   Thumb Code     0  startup.o(RESET)
    GPIOPortD_Handler                        0x00000283   Thumb Code     0  startup.o(RESET)
    GPIOPortE_Handler                        0x00000283   Thumb Code     0  startup.o(RESET)
    GPIOPortF_Handler                        0x00000283   Thumb Code     0  startup.o(RESET)
    GPIOPortG_Handler                        0x00000283   Thumb Code     0  startup.o(RESET)
    GPIOPortH_Handler                        0x00000283   Thumb Code     0  startup.o(RESET)
    GPIOPortJ_Handler                        0x00000283   Thumb Code     0  startup.o(RESET)
    GPIOPortK_Handler                        0x00000283   Thumb Code     0  startup.o(RESET)
    GPIOPortL_Handler                        0x00000283   Thumb Code     0  startup.o(RESET)
    GPIOPortM_Handler                        0x00000283   Thumb Code     0  startup.o(RESET)
    GPIOPortN_Handler                        0x00000283   Thumb Code     0  startup.o(RESET)
    GPIOPortP1_Handler                       0x00000283   Thumb Code     0  startup.o(RESET)
    GPIOPortP2_Handler                       0x00000283   Thumb Code     0  startup.o(RESET)
    GPIOPortP3_Handler                       0x00000283   Thumb Code     0  startup.o(RESET)
    GPIOPortP4_Handler                       0x00000283   Thumb Code     0  startup.o(RESET)
    GPIOPortP5_Handler                       0x00000283   Thumb Code     0  startup.o(RESET)
    GPIOPortP6_Handler                       0x00000283   Thumb Code     0  startup.o(RESET)
    GPIOPortP7_Handler                       0x00000283   Thumb Code     0  startup.o(RESET)
    GPIOPortP_Handler                        0x00000283   Thumb Code     0  startup.o(RESET)
    GPIOPortQ1_Handler                       0x00000283   Thumb Code     0  startup.o(RESET)
    GPIOPortQ2_Handler                       0x00000283   Thumb Code     0  startup.o(RESET)
    GPIOPortQ3_Handler                       0x00000283   Thumb Code     0  startup.o(RESET)
    GPIOPortQ4_Handler                       0x00000283   Thumb Code     0  startup.o(RESET)
    GPIOPortQ5_Handler                       0x00000283   Thumb Code     0  startup.o(RESET)
    GPIOPortQ6_Handler                       0x00000283   Thumb Code     0  startup.o(RESET)
    GPIOPortQ7_Handler                       0x00000283   Thumb Code     0  startup.o(RESET)
    GPIOPortQ_Handler                        0x00000283   Thumb Code     0  startup.o(RESET)
    GPIOPortR_Handler                        0x00000283   Thumb Code     0  startup.o(RESET)
    GPIOPortS_Handler                        0x00000283   Thumb Code     0  startup.o(RESET)
    Hibernate_Handler                        0x00000283   Thumb Code     0  startup.o(RESET)
    I2C0_Handler                             0x00000283   Thumb Code     0  startup.o(RESET)
    I2C1_Handler                             0x00000283   Thumb Code     0  startup.o(RESET)
    I2C2_Handler                             0x00000283   Thumb Code     0  startup.o(RESET)
    I2C3_Handler                             0x00000283   Thumb Code     0  startup.o(RESET)
    I2C4_Handler                             0x00000283   Thumb Code     0  startup.o(RESET)
    I2C5_Handler                             0x00000283   Thumb Code     0  startup.o(RESET)
    I2S0_Handler                             0x00000283   Thumb Code     0  startup.o(RESET)
    LPC0_Handler                             0x00000283   Thumb Code     0  startup.o(RESET)
    PECI0_Handler                            0x00000283   Thumb Code     0  startup.o(RESET)
    PWM0Fault_Handler                        0x00000283   Thumb Code     0  startup.o(RESET)
    PWM0Generator0_Handler                   0x00000283   Thumb Code     0  startup.o(RESET)
    PWM0Generator1_Handler                   0x00000283   Thumb Code     0  startup.o(RESET)
    PWM0Generator2_Handler                   0x00000283   Thumb Code     0  startup.o(RESET)
    PWM0Generator3_Handler                   0x00000283   Thumb Code     0  startup.o(RESET)
    PWM1Fault_Handler                        0x00000283   Thumb Code     0  startup.o(RESET)
    PWM1Generator0_Handler                   0x00000283   Thumb Code     0  startup.o(RESET)
    PWM1Generator1_Handler                   0x00000283   Thumb Code     0  startup.o(RESET)
    PWM1Generator2_Handler                   0x00000283   Thumb Code     0  startup.o(RESET)
    PWM1Generator3_Handler                   0x00000283   Thumb Code     0  startup.o(RESET)
    Quadrature0_Handler                      0x00000283   Thumb Code     0  startup.o(RESET)
    Quadrature1_Handler                      0x00000283   Thumb Code     0  startup.o(RESET)
    Quadrature2_Handler                      0x00000283   Thumb Code     0  startup.o(RESET)
    SSI0_Handler                             0x00000283   Thumb Code     0  startup.o(RESET)
    SSI1_Handler                             0x00000283   Thumb Code     0  startup.o(RESET)
    SSI2_Handler                             0x00000283   Thumb Code     0  startup.o(RESET)
    SSI3_Handler                             0x00000283   Thumb Code     0  startup.o(RESET)
    SysCtl_Handler                           0x00000283   Thumb Code     0  startup.o(RESET)
    Timer0B_Handler                          0x00000283   Thumb Code     0  startup.o(RESET)
    Timer1B_Handler                          0x00000283   Thumb Code     0  startup.o(RESET)
    Timer2B_Handler                          0x00000283   Thumb Code     0  startup.o(RESET)
    Timer3A_Handler                          0x00000283   Thumb Code     0  startup.o(RESET)
    Timer3B_Handler                          0x00000283   Thumb Code     0  startup.o(RESET)
    Timer4A_Handler                          0x00000283   Thumb Code     0  startup.o(RESET)
    Timer4B_Handler                          0x00000283   Thumb Code     0  startup.o(RESET)
    Timer5A_Handler                          0x00000283   Thumb Code     0  startup.o(RESET)
    Timer5B_Handler                          0x00000283   Thumb Code     0  startup.o(RESET)
    UART0_Handler                            0x00000283   Thumb Code     0  startup.o(RESET)
    UART1_Handler                            0x00000283   Thumb Code     0  startup.o(RESET)
    UART2_Handler                            0x00000283   Thumb Code     0  startup.o(RESET)
    UART3_Handler                            0x00000283   Thumb Code     0  startup.o(RESET)
    UART4_Handler                            0x00000283   Thumb Code     0  startup.o(RESET)
    UART5_Handler                            0x00000283   Thumb Code     0  startup.o(RESET)
    UART6_Handler                            0x00000283   Thumb Code     0  startup.o(RESET)
    UART7_Handler                            0x00000283   Thumb Code     0  startup.o(RESET)
    USB0_Handler                             0x00000283   Thumb Code     0  startup.o(RESET)
    WDT_Handler                              0x00000283   Thumb Code     0  startup.o(RESET)
    WideTimer0A_Handler                      0x00000283   Thumb Code     0  startup.o(RESET)
    WideTimer0B_Handler                      0x00000283   Thumb Code     0  startup.o(RESET)
    WideTimer1A_Handler                      0x00000283   Thumb Code     0  startup.o(RESET)
    WideTimer1B_Handler                      0x00000283   Thumb Code     0  startup.o(RESET)
    WideTimer2A_Handler                      0x00000283   Thumb Code     0  startup.o(RESET)
    WideTimer2B_Handler                      0x00000283   Thumb Code     0  startup.o(RESET)
    WideTimer3A_Handler                      0x00000283   Thumb Code     0  startup.o(RESET)
    WideTimer3B_Handler                      0x00000283   Thumb Code     0  startup.o(RESET)
    WideTimer4A_Handler                      0x00000283   Thumb Code     0  startup.o(RESET)
    WideTimer4B_Handler                      0x00000283   Thumb Code     0  startup.o(RESET)
    WideTimer5A_Handler                      0x00000283   Thumb Code     0  startup.o(RESET)
    WideTimer5B_Handler                      0x00000283   Thumb Code     0  startup.o(RESET)
    uDMA_Error                               0x00000283   Thumb Code     0  startup.o(RESET)
    uDMA_Handler                             0x00000283   Thumb Code     0  startup.o(RESET)
    __main                                   0x00000285   Thumb Code     0  entry.o(.ARM.Collect$$$$00000000)
    _main_stk                                0x00000285   Thumb Code     0  entry2.o(.ARM.Collect$$$$00000001)
    _main_scatterload                        0x00000289   Thumb Code     0  entry5.o(.ARM.Collect$$$$00000004)
    __main_after_scatterload                 0x0000028d   Thumb Code     0  entry5.o(.ARM.Collect$$$$00000004)
    _main_clock                              0x0000028d   Thumb Code     0  entry7b.o(.ARM.Collect$$$$00000008)
    _main_cpp_init                           0x0000028d   Thumb Code     0  entry8b.o(.ARM.Collect$$$$0000000A)
    _main_init                               0x0000028d   Thumb Code     0  entry9a.o(.ARM.Collect$$$$0000000B)
    __rt_final_cpp                           0x00000295   Thumb Code     0  entry10a.o(.ARM.Collect$$$$0000000D)
    __rt_final_exit                          0x00000295   Thumb Code     0  entry11a.o(.ARM.Collect$$$$0000000F)
    DisableInterrupts                        0x00000299   Thumb Code     0  startup.o(.text)
    EnableInterrupts                         0x0000029d   Thumb Code     0  startup.o(.text)
    StartCritical                            0x000002a1   Thumb Code     0  startup.o(.text)
    EndCritical                              0x000002a9   Thumb Code     0  startup.o(.text)
    WaitForInterrupt                         0x000002af   Thumb Code     0  startup.o(.text)
    writecommand                             0x000002b5   Thumb Code     0  lcd.o(.text)
    writedata                                0x000002db   Thumb Code     0  lcd.o(.text)
    Random_Init                              0x00000301   Thumb Code     0  random.o(.text)
    Random32                                 0x0000030b   Thumb Code     2  random.o(.text)
    Random                                   0x0000031d   Thumb Code     2  random.o(.text)
    __aeabi_dmul                             0x00000341   Thumb Code   228  dmul.o(.text)
    __aeabi_ui2d                             0x00000425   Thumb Code    26  dfltui.o(.text)
    __aeabi_d2uiz                            0x0000043f   Thumb Code    50  dfixui.o(.text)
    __aeabi_llsl                             0x00000471   Thumb Code    30  llshl.o(.text)
    _ll_shift_l                              0x00000471   Thumb Code     0  llshl.o(.text)
    __aeabi_llsr                             0x0000048f   Thumb Code    32  llushr.o(.text)
    _ll_ushift_r                             0x0000048f   Thumb Code     0  llushr.o(.text)
    __I$use$fp                               0x000004af   Thumb Code     0  iusefp.o(.text)
    _double_round                            0x000004af   Thumb Code    26  depilogue.o(.text)
    _double_epilogue                         0x000004c9   Thumb Code   164  depilogue.o(.text)
    __scatterload                            0x0000056d   Thumb Code    28  init.o(.text)
    __scatterload_rt2                        0x0000056d   Thumb Code     0  init.o(.text)
    ADC_In                                   0x00000591   Thumb Code    38  adc.o(i.ADC_In)
    ADC_Init                                 0x000005c1   Thumb Code   202  adc.o(i.ADC_Init)
    Buttons_In                               0x000006a5   Thumb Code    10  io.o(i.Buttons_In)
    Buttons_Init                             0x000006b5   Thumb Code    62  io.o(i.Buttons_Init)
    Convert                                  0x00000701   Thumb Code    18  converters.o(i.Convert)
    DAC_Init                                 0x00000715   Thumb Code    58  dac.o(i.DAC_Init)
    DAC_Out                                  0x00000759   Thumb Code    12  dac.o(i.DAC_Out)
    Delay1ms                                 0x0000076d   Thumb Code    32  st7735.o(i.Delay1ms)
    DrawBall                                 0x0000078d   Thumb Code    28  gui.o(i.DrawBall)
    DrawPlayer1                              0x000007ad   Thumb Code   102  gui.o(i.DrawPlayer1)
    DrawPlayer2                              0x00000821   Thumb Code   102  gui.o(i.DrawPlayer2)
    DrawPlayers                              0x00000895   Thumb Code    28  gui.o(i.DrawPlayers)
    IO_HeartBeat                             0x000008b1   Thumb Code    16  io.o(i.IO_HeartBeat)
    IO_Init                                  0x000008c9   Thumb Code    88  io.o(i.IO_Init)
    IO_Touch                                 0x00000931   Thumb Code    58  io.o(i.IO_Touch)
    PLL_Init                                 0x00000971   Thumb Code   118  pll.o(i.PLL_Init)
    Random5                                  0x000009ed   Thumb Code    22  converters.o(i.Random5)
    ST7735_DrawCharS                         0x00000a05   Thumb Code   232  st7735.o(i.ST7735_DrawCharS)
    ST7735_DrawCircle                        0x00000af9   Thumb Code   158  st7735.o(i.ST7735_DrawCircle)
    ST7735_DrawPixel                         0x00000ba5   Thumb Code    64  st7735.o(i.ST7735_DrawPixel)
    ST7735_DrawString                        0x00000bed   Thumb Code    86  st7735.o(i.ST7735_DrawString)
    ST7735_FillRect                          0x00000c45   Thumb Code   164  st7735.o(i.ST7735_FillRect)
    ST7735_FillScreen                        0x00000cf1   Thumb Code    28  st7735.o(i.ST7735_FillScreen)
    ST7735_InitR                             0x00000d15   Thumb Code    90  st7735.o(i.ST7735_InitR)
    ST7735_OutChar                           0x00000d91   Thumb Code   176  st7735.o(i.ST7735_OutChar)
    ST7735_OutString                         0x00000e65   Thumb Code    24  st7735.o(i.ST7735_OutString)
    ST7735_SetCursor                         0x00000e7d   Thumb Code    22  st7735.o(i.ST7735_SetCursor)
    Sound_Init                               0x00000e9d   Thumb Code    50  sound.o(i.Sound_Init)
    Sound_Play                               0x00000ed5   Thumb Code    22  sound.o(i.Sound_Play)
    SysTick_Handler                          0x00000eed   Thumb Code    62  sound.o(i.SysTick_Handler)
    Timer0A_Handler                          0x00000f3d   Thumb Code    68  timer0.o(i.Timer0A_Handler)
    Timer0A_Start                            0x00000f91   Thumb Code    14  timer0.o(i.Timer0A_Start)
    Timer0_Init                              0x00000fa5   Thumb Code    84  timer0.o(i.Timer0_Init)
    Timer1A_Handler                          0x0000100d   Thumb Code    80  timer1.o(i.Timer1A_Handler)
    Timer1A_Start                            0x0000106d   Thumb Code    14  timer1.o(i.Timer1A_Start)
    Timer1_Init                              0x00001081   Thumb Code    86  timer1.o(i.Timer1_Init)
    Timer2A_Handler                          0x000010ed   Thumb Code    30  timer2.o(i.Timer2A_Handler)
    Timer2A_Start                            0x00001111   Thumb Code    14  timer2.o(i.Timer2A_Start)
    Timer2A_Stop                             0x00001125   Thumb Code    14  timer2.o(i.Timer2A_Stop)
    Timer2_Init                              0x00001139   Thumb Code    86  timer2.o(i.Timer2_Init)
    UpdateBall                               0x000011a5   Thumb Code   212  gui.o(i.UpdateBall)
    UpdatePlayer1                            0x00001299   Thumb Code    44  gui.o(i.UpdatePlayer1)
    UpdatePlayer2                            0x000012d1   Thumb Code   110  gui.o(i.UpdatePlayer2)
    __scatterload_copy                       0x00001349   Thumb Code    14  handlers.o(i.__scatterload_copy)
    __scatterload_null                       0x00001357   Thumb Code     2  handlers.o(i.__scatterload_null)
    __scatterload_zeroinit                   0x00001359   Thumb Code    14  handlers.o(i.__scatterload_zeroinit)
    ballCollisionCheck                       0x00001369   Thumb Code   104  gui.o(i.ballCollisionCheck)
    ballWallCheck                            0x000013dd   Thumb Code   158  gui.o(i.ballWallCheck)
    displayScore                             0x00001681   Thumb Code   126  gui.o(i.displayScore)
    main                                     0x00001731   Thumb Code   258  pong.o(i.main)
    playSound                                0x00001851   Thumb Code    70  gui.o(i.playSound)
    startGame                                0x00001929   Thumb Code    86  gui.o(i.startGame)
    stopGame                                 0x000019a1   Thumb Code    56  gui.o(i.stopGame)
    smallCircle                              0x00001fd2   Data          36  st7735.o(.constdata)
    circle                                   0x00001ff6   Data          60  st7735.o(.constdata)
    dBfs                                     0x00002032   Data         512  st7735.o(.constdata)
    Agario_background                        0x00002232   Data       18862  sound.o(.constdata)
    wave                                     0x00006be0   Data          32  sound.o(.constdata)
    Region$$Table$$Base                      0x00006c00   Number         0  anon$$obj.o(Region$$Table)
    Region$$Table$$Limit                     0x00006c20   Number         0  anon$$obj.o(Region$$Table)
    StX                                      0x20000000   Data           4  st7735.o(.data)
    StY                                      0x20000004   Data           4  st7735.o(.data)
    StTextColor                              0x20000008   Data           2  st7735.o(.data)
    lastj                                    0x20000010   Data           4  st7735.o(.data)
    Messageindex                             0x20000018   Data           4  st7735.o(.data)
    Ymax                                     0x2000001c   Data           4  st7735.o(.data)
    Ymin                                     0x20000020   Data           4  st7735.o(.data)
    X                                        0x20000024   Data           4  st7735.o(.data)
    Yrange                                   0x20000028   Data           4  st7735.o(.data)
    delay                                    0x2000002c   Data           4  io.o(.data)
    ADCMail                                  0x20000030   Data           4  pong.o(.data)
    ADCStatus                                0x20000034   Data           4  pong.o(.data)
    globalCount                              0x20000038   Data           4  pong.o(.data)
    currSound                                0x20000040   Data           4  sound.o(.data)
    Index                                    0x20000044   Data           4  sound.o(.data)
    SoundMax                                 0x20000048   Data           4  sound.o(.data)
    ADCMailOld                               0x2000004c   Data           4  timer0.o(.data)
    Timer0Count                              0x20000050   Data           4  timer0.o(.data)
    Player2Count                             0x20000054   Data           4  timer1.o(.data)
    TimerLoopCounter                         0x20000058   Data           4  timer1.o(.data)
    Timer1Count                              0x2000005c   Data           4  timer1.o(.data)
    pos2                                     0x20000060   Data           4  gui.o(.data)
    p1                                       0x20000064   Data           3  gui.o(.data)
    p2                                       0x20000067   Data           3  gui.o(.data)
    ball                                     0x2000006a   Data           3  gui.o(.data)
    speedY                                   0x20000070   Data           4  gui.o(.data)
    speedX                                   0x20000074   Data           4  gui.o(.data)
    difficulty                               0x20000078   Data           4  gui.o(.data)
    speedCount                               0x2000007c   Data           4  gui.o(.data)
    stopped                                  0x20000080   Data           4  gui.o(.data)
    a                                        0x20000084   Data           4  gui.o(.data)
    xval                                     0x20000088   Data           4  gui.o(.data)
    oldPos1                                  0x2000008c   Data           4  gui.o(.data)
    oldPos2                                  0x20000090   Data           4  gui.o(.data)
    color                                    0x20000094   Data           4  gui.o(.data)
    difference                               0x20000098   Data           4  gui.o(.data)
    Timer2Count                              0x2000009c   Data           4  timer2.o(.data)
    __initial_sp                             0x200004a8   Data           0  startup.o(STACK)



==============================================================================

Memory Map of the image

  Image Entry point : 0x0000026d

  Load Region LR_1 (Base: 0x00000000, Size: 0x00006cc4, Max: 0xffffffff, ABSOLUTE)

    Execution Region ER_RO (Base: 0x00000000, Size: 0x00006c20, Max: 0xffffffff, ABSOLUTE)

    Base Addr    Size         Type   Attr      Idx    E Section Name        Object

    0x00000000   0x00000284   Code   RO            3  * RESET               startup.o
    0x00000284   0x00000000   Code   RO          687  * .ARM.Collect$$$$00000000  mc_w.l(entry.o)
    0x00000284   0x00000004   Code   RO          700    .ARM.Collect$$$$00000001  mc_w.l(entry2.o)
    0x00000288   0x00000004   Code   RO          703    .ARM.Collect$$$$00000004  mc_w.l(entry5.o)
    0x0000028c   0x00000000   Code   RO          705    .ARM.Collect$$$$00000008  mc_w.l(entry7b.o)
    0x0000028c   0x00000000   Code   RO          707    .ARM.Collect$$$$0000000A  mc_w.l(entry8b.o)
    0x0000028c   0x00000008   Code   RO          708    .ARM.Collect$$$$0000000B  mc_w.l(entry9a.o)
    0x00000294   0x00000000   Code   RO          710    .ARM.Collect$$$$0000000D  mc_w.l(entry10a.o)
    0x00000294   0x00000000   Code   RO          712    .ARM.Collect$$$$0000000F  mc_w.l(entry11a.o)
    0x00000294   0x00000004   Code   RO          701    .ARM.Collect$$$$00002712  mc_w.l(entry2.o)
    0x00000298   0x0000001c   Code   RO            4    .text               startup.o
    0x000002b4   0x0000004c   Code   RO          317    .text               lcd.o
    0x00000300   0x00000040   Code   RO          684    .text               random.o
    0x00000340   0x000000e4   Code   RO          692    .text               mf_w.l(dmul.o)
    0x00000424   0x0000001a   Code   RO          696    .text               mf_w.l(dfltui.o)
    0x0000043e   0x00000032   Code   RO          698    .text               mf_w.l(dfixui.o)
    0x00000470   0x0000001e   Code   RO          714    .text               mc_w.l(llshl.o)
    0x0000048e   0x00000020   Code   RO          716    .text               mc_w.l(llushr.o)
    0x000004ae   0x00000000   Code   RO          720    .text               mc_w.l(iusefp.o)
    0x000004ae   0x000000be   Code   RO          721    .text               mf_w.l(depilogue.o)
    0x0000056c   0x00000024   Code   RO          723    .text               mc_w.l(init.o)
    0x00000590   0x00000030   Code   RO          641    i.ADC_In            adc.o
    0x000005c0   0x000000e4   Code   RO          642    i.ADC_Init          adc.o
    0x000006a4   0x00000010   Code   RO          323    i.Buttons_In        io.o
    0x000006b4   0x0000004c   Code   RO          324    i.Buttons_Init      io.o
    0x00000700   0x00000012   Code   RO          659    i.Convert           converters.o
    0x00000712   0x00000002   PAD
    0x00000714   0x00000044   Code   RO          396    i.DAC_Init          dac.o
    0x00000758   0x00000014   Code   RO          397    i.DAC_Out           dac.o
    0x0000076c   0x00000020   Code   RO           34    i.Delay1ms          st7735.o
    0x0000078c   0x00000020   Code   RO          519    i.DrawBall          gui.o
    0x000007ac   0x00000074   Code   RO          520    i.DrawPlayer1       gui.o
    0x00000820   0x00000074   Code   RO          521    i.DrawPlayer2       gui.o
    0x00000894   0x0000001c   Code   RO          522    i.DrawPlayers       gui.o
    0x000008b0   0x00000018   Code   RO          325    i.IO_HeartBeat      io.o
    0x000008c8   0x00000068   Code   RO          326    i.IO_Init           io.o
    0x00000930   0x00000040   Code   RO          327    i.IO_Touch          io.o
    0x00000970   0x0000007c   Code   RO           12    i.PLL_Init          pll.o
    0x000009ec   0x00000016   Code   RO          661    i.Random5           converters.o
    0x00000a02   0x00000002   PAD
    0x00000a04   0x000000f4   Code   RO           43    i.ST7735_DrawCharS  st7735.o
    0x00000af8   0x000000ac   Code   RO           44    i.ST7735_DrawCircle  st7735.o
    0x00000ba4   0x00000048   Code   RO           47    i.ST7735_DrawPixel  st7735.o
    0x00000bec   0x00000056   Code   RO           49    i.ST7735_DrawString  st7735.o
    0x00000c42   0x00000002   PAD
    0x00000c44   0x000000ac   Code   RO           50    i.ST7735_FillRect   st7735.o
    0x00000cf0   0x00000024   Code   RO           51    i.ST7735_FillScreen  st7735.o
    0x00000d14   0x0000007c   Code   RO           53    i.ST7735_InitR      st7735.o
    0x00000d90   0x000000d4   Code   RO           55    i.ST7735_OutChar    st7735.o
    0x00000e64   0x00000018   Code   RO           56    i.ST7735_OutString  st7735.o
    0x00000e7c   0x00000020   Code   RO           66    i.ST7735_SetCursor  st7735.o
    0x00000e9c   0x00000038   Code   RO          414    i.Sound_Init        sound.o
    0x00000ed4   0x00000016   Code   RO          415    i.Sound_Play        sound.o
    0x00000eea   0x00000002   PAD
    0x00000eec   0x00000050   Code   RO          416    i.SysTick_Handler   sound.o
    0x00000f3c   0x00000054   Code   RO          451    i.Timer0A_Handler   timer0.o
    0x00000f90   0x00000014   Code   RO          452    i.Timer0A_Start     timer0.o
    0x00000fa4   0x00000068   Code   RO          454    i.Timer0_Init       timer0.o
    0x0000100c   0x00000060   Code   RO          485    i.Timer1A_Handler   timer1.o
    0x0000106c   0x00000014   Code   RO          486    i.Timer1A_Start     timer1.o
    0x00001080   0x0000006c   Code   RO          488    i.Timer1_Init       timer1.o
    0x000010ec   0x00000024   Code   RO          607    i.Timer2A_Handler   timer2.o
    0x00001110   0x00000014   Code   RO          608    i.Timer2A_Start     timer2.o
    0x00001124   0x00000014   Code   RO          609    i.Timer2A_Stop      timer2.o
    0x00001138   0x0000006c   Code   RO          610    i.Timer2_Init       timer2.o
    0x000011a4   0x000000f4   Code   RO          523    i.UpdateBall        gui.o
    0x00001298   0x00000038   Code   RO          524    i.UpdatePlayer1     gui.o
    0x000012d0   0x00000078   Code   RO          525    i.UpdatePlayer2     gui.o
    0x00001348   0x0000000e   Code   RO          727    i.__scatterload_copy  mc_w.l(handlers.o)
    0x00001356   0x00000002   Code   RO          728    i.__scatterload_null  mc_w.l(handlers.o)
    0x00001358   0x0000000e   Code   RO          729    i.__scatterload_zeroinit  mc_w.l(handlers.o)
    0x00001366   0x00000002   PAD
    0x00001368   0x00000074   Code   RO          526    i.ballCollisionCheck  gui.o
    0x000013dc   0x000000ac   Code   RO          527    i.ballWallCheck     gui.o
    0x00001488   0x00000056   Code   RO           70    i.commandList       st7735.o
    0x000014de   0x00000002   PAD
    0x000014e0   0x00000184   Code   RO           71    i.commonInit        st7735.o
    0x00001664   0x0000001c   Code   RO           72    i.deselect          st7735.o
    0x00001680   0x000000b0   Code   RO          528    i.displayScore      gui.o
    0x00001730   0x00000120   Code   RO          362    i.main              pong.o
    0x00001850   0x00000050   Code   RO          529    i.playSound         gui.o
    0x000018a0   0x00000012   Code   RO           77    i.pushColor         st7735.o
    0x000018b2   0x00000002   PAD
    0x000018b4   0x00000074   Code   RO           78    i.setAddrWindow     st7735.o
    0x00001928   0x00000078   Code   RO          530    i.startGame         gui.o
    0x000019a0   0x00000050   Code   RO          531    i.stopGame          gui.o
    0x000019f0   0x00000842   Data   RO           80    .constdata          st7735.o
    0x00002232   0x000049ce   Data   RO          417    .constdata          sound.o
    0x00006c00   0x00000020   Data   RO          725    Region$$Table       anon$$obj.o


    Execution Region ER_RW (Base: 0x20000000, Size: 0x000000a4, Max: 0xffffffff, ABSOLUTE)

    Base Addr    Size         Type   Attr      Idx    E Section Name        Object

    0x20000000   0x0000002c   Data   RW           81    .data               st7735.o
    0x2000002c   0x00000004   Data   RW          328    .data               io.o
    0x20000030   0x0000000c   Data   RW          364    .data               pong.o
    0x2000003c   0x00000010   Data   RW          418    .data               sound.o
    0x2000004c   0x00000008   Data   RW          455    .data               timer0.o
    0x20000054   0x0000000c   Data   RW          489    .data               timer1.o
    0x20000060   0x0000003c   Data   RW          532    .data               gui.o
    0x2000009c   0x00000004   Data   RW          611    .data               timer2.o
    0x200000a0   0x00000004   Data   RW          683    DATA                random.o


    Execution Region ER_ZI (Base: 0x200000a4, Size: 0x00000404, Max: 0xffffffff, ABSOLUTE)

    Base Addr    Size         Type   Attr      Idx    E Section Name        Object

    0x200000a4   0x00000004   PAD
    0x200000a8   0x00000400   Zero   RW            1    STACK               startup.o


==============================================================================

Image component sizes


      Code (inc. data)   RO Data    RW Data    ZI Data      Debug   Object Name

       276         36          0          0          0        848   adc.o
        40          0          0          0          0        804   converters.o
        88         18          0          0          0        721   dac.o
      1456        230          0         60          0       6415   gui.o
       284         50          0          4          0       2072   io.o
        76         12          0          0          0        192   lcd.o
       124          6          0          0          0       4691   pll.o
       288         30          0         12          0       1395   pong.o
        64         14          0          4          0        192   random.o
       158         24      18894         16          0       1910   sound.o
      1842        192       2114         44          0      12593   st7735.o
       672        622          0          0       1024        876   startup.o
       208         42          0          8          0       1497   timer0.o
       224         44          0         12          0       1504   timer1.o
       184         40          0          4          0       1753   timer2.o

    ----------------------------------------------------------------------
      5996       1360      21040        164       1028      37463   Object Totals
         0          0         32          0          0          0   (incl. Generated)
        12          0          0          0          4          0   (incl. Padding)

    ----------------------------------------------------------------------

      Code (inc. data)   RO Data    RW Data    ZI Data      Debug   Library Member Name

         0          0          0          0          0          0   entry.o
         0          0          0          0          0          0   entry10a.o
         0          0          0          0          0          0   entry11a.o
         8          4          0          0          0          0   entry2.o
         4          0          0          0          0          0   entry5.o
         0          0          0          0          0          0   entry7b.o
         0          0          0          0          0          0   entry8b.o
         8          4          0          0          0          0   entry9a.o
        30          0          0          0          0          0   handlers.o
        36          8          0          0          0         68   init.o
         0          0          0          0          0          0   iusefp.o
        30          0          0          0          0         68   llshl.o
        32          0          0          0          0         68   llushr.o
       190          0          0          0          0        176   depilogue.o
        50          0          0          0          0         76   dfixui.o
        26          0          0          0          0         76   dfltui.o
       228          0          0          0          0         96   dmul.o

    ----------------------------------------------------------------------
       644         16          0          0          0        628   Library Totals
         2          0          0          0          0          0   (incl. Padding)

    ----------------------------------------------------------------------

      Code (inc. data)   RO Data    RW Data    ZI Data      Debug   Library Name

       148         16          0          0          0        204   mc_w.l
       494          0          0          0          0        424   mf_w.l

    ----------------------------------------------------------------------
       644         16          0          0          0        628   Library Totals

    ----------------------------------------------------------------------

==============================================================================


      Code (inc. data)   RO Data    RW Data    ZI Data      Debug   

      6640       1376      21040        164       1028      35075   Grand Totals
      6640       1376      21040        164       1028      35075   ELF Image Totals
      6640       1376      21040        164          0          0   ROM Totals

==============================================================================

    Total RO  Size (Code + RO Data)                27680 (  27.03kB)
    Total RW  Size (RW Data + ZI Data)              1192 (   1.16kB)
    Total ROM Size (Code + RO Data + RW Data)      27844 (  27.19kB)

==============================================================================

